[rec03 repin 15:02:50] re-pin v0.6.5 + deploy (roll forward)

[deploy] ===== 0/6 pre-flight =====
[deploy] VIDRA_TLS_MODE=internal — Caddy issues from its own CA, skipping the DNS preflight
[deploy] compose 5.5.1, VIDRA_TLS_MODE=internal serving rec03.video.test, migrator tags >= v0.2.0
[release-mapping] WARNING: core=v0.6.5 user=v0.6.5 search=v0.6.5 is newer than every record in releases/ (newest: v0.6.4), and releases/v0.6.5.json is not in this tree. It is this tree's own release: deploy/release.sh tags this repository before any image exists, so a tree at v0.6.5 cannot carry v0.6.5's record. NOT verified: that these three images were released together, and their digests. Only the tag strings were compared; a tag that does not exist still fails the checkout sync or the pull. This gap closes when the record ships inside the release artifact.
[deploy] release mapping NOT verified (WARNING above) — continuing
[deploy] syncing vidra-core to v0.6.5
[deploy] syncing vidra-search to v0.6.5
[deploy] syncing vidra-user to v0.6.5
[deploy] tags: core=v0.6.5 user=v0.6.5 search=v0.6.5

[deploy] ===== 1/6 pre-deploy database dump =====
[deploy] wrote /opt/vidra/backups/pre-deploy-2026-09-13T150252.dump.gz (64K)

[deploy] ===== 2/6 pull images =====
 Image redis:8-alpine Pulling 
 Image ghcr.io/yegamble/vidra-user:v0.6.5 Pulling 
 Image postgres:18-alpine Pulling 
 Image ghcr.io/yegamble/vidra-core:v0.6.5 Pulling 
 Image alpine:3.24 Pulling 
 Image ghcr.io/yegamble/vidra-search:v0.6.5 Pulling 
 Image caddy:2.11.4-alpine Pulling 
 Image alpine:3.24 Pulled 
 Image caddy:2.11.4-alpine Pulled 
 Image redis:8-alpine Pulled 
 Image ghcr.io/yegamble/vidra-search:v0.6.5 Pulled 
 Image postgres:18-alpine Pulled 
 Image ghcr.io/yegamble/vidra-core:v0.6.5 Pulled 
 Image ghcr.io/yegamble/vidra-user:v0.6.5 Pulled 

[deploy] ===== 3/6 migrations =====
[deploy] core schema (schema_migrations)
 Container vidra-postgres-1 Running 
 Image ghcr.io/yegamble/vidra-core:v0.6.5 Pulling 
 Image ghcr.io/yegamble/vidra-core:v0.6.5 Pulled 
 Container vidra-postgres-1 Waiting 
 Container vidra-postgres-1 Healthy 
 Container vidra-migrate-run-1f63f71467ed Creating 
 Container vidra-migrate-run-1f63f71467ed Created 
{"time":"2026-09-13T15:02:55.85493884Z","level":"INFO","msg":"schema already up to date","version":146,"dirty":false}
[deploy] core schema OK (version 146)
[deploy] search schema (vidra_search_migrations)
 Container vidra-postgres-1 Running 
 Image ghcr.io/yegamble/vidra-search:v0.6.5 Pulling 
 Image ghcr.io/yegamble/vidra-search:v0.6.5 Pulled 
 Container vidra-postgres-1 Waiting 
 Container vidra-postgres-1 Healthy 
 Container vidra-search-migrate-run-28afd88b7187 Creating 
 Container vidra-search-migrate-run-28afd88b7187 Created 
migrate up: version=18 dirty=false table=vidra_search_migrations

[deploy] ===== 4/6 start =====
 Image ghcr.io/yegamble/vidra-search:v0.6.5 Pulling 
 Image ghcr.io/yegamble/vidra-core:v0.6.5 Pulling 
 Image ghcr.io/yegamble/vidra-search:v0.6.5 Pulling 
 Image ghcr.io/yegamble/vidra-user:v0.6.5 Pulling 
 Image ghcr.io/yegamble/vidra-core:v0.6.5 Pulling 
 Image ghcr.io/yegamble/vidra-search:v0.6.5 Pulled 
 Image ghcr.io/yegamble/vidra-search:v0.6.5 Pulled 
 Image ghcr.io/yegamble/vidra-core:v0.6.5 Pulled 
 Image ghcr.io/yegamble/vidra-core:v0.6.5 Pulled 
 Image ghcr.io/yegamble/vidra-user:v0.6.5 Pulled 
 Container vidra-caddy-1 Running 
 Container vidra-redis-1 Running 
 Container vidra-postgres-1 Running 
 Container vidra-migrate-1 Recreate 
 Container vidra-search-migrate-1 Recreate 
 Container vidra-search-migrate-1 Recreated 
 Container vidra-search-1 Recreate 
 Container vidra-migrate-1 Recreated 
 Container vidra-api-1 Recreate 
 Container vidra-search-1 Recreated 
 Container vidra-api-1 Recreated 
 Container vidra-frontend-1 Recreate 
 Container vidra-frontend-1 Recreated 
 Container vidra-prep-volumes-1 Starting 
 Container vidra-postgres-1 Waiting 
 Container vidra-postgres-1 Waiting 
 Container vidra-postgres-1 Healthy 
 Container vidra-postgres-1 Healthy 
 Container vidra-migrate-1 Starting 
 Container vidra-search-migrate-1 Starting 
 Container vidra-prep-volumes-1 Started 
 Container vidra-migrate-1 Started 
 Container vidra-prep-volumes-1 Waiting 
 Container vidra-migrate-1 Waiting 
 Container vidra-redis-1 Waiting 
 Container vidra-postgres-1 Waiting 
 Container vidra-search-migrate-1 Started 
 Container vidra-prep-volumes-1 Waiting 
 Container vidra-search-migrate-1 Waiting 
 Container vidra-postgres-1 Waiting 
 Container vidra-redis-1 Waiting 
 Container vidra-prep-volumes-1 Exited 
 Container vidra-redis-1 Healthy 
 Container vidra-postgres-1 Healthy 
 Container vidra-migrate-1 Exited 
 Container vidra-api-1 Starting 
 Container vidra-api-1 Started 
 Container vidra-api-1 Waiting 
 Container vidra-search-migrate-1 Exited 
 Container vidra-prep-volumes-1 Exited 
 Container vidra-redis-1 Healthy 
 Container vidra-postgres-1 Healthy 
 Container vidra-search-1 Starting 
 Container vidra-search-1 Started 
 Container vidra-api-1 Healthy 
 Container vidra-frontend-1 Starting 
 Container vidra-frontend-1 Started 

[deploy] ===== 5/6 reload Caddy =====
[deploy] caddy reloaded (attempt 1)

[deploy] ===== 6/6 health probes =====
[deploy] waiting up to 120s for api /readyz at http://127.0.0.1:8080/readyz
[deploy] api /readyz OK
[deploy] waiting up to 120s for frontend at http://127.0.0.1:3000/
[deploy] frontend OK
[deploy] waiting up to 180s for the edge at https://rec03.video.test/healthz (pinned to 127.0.0.1:443)
[deploy] edge OK (https://rec03.video.test)
[deploy] deploy complete
[rec03 repin 15:03:11] deploy.sh exit=0
vidra-api-1 ghcr.io/yegamble/vidra-core:v0.6.5;vidra-frontend-1 ghcr.io/yegamble/vidra-user:v0.6.5;vidra-search-1 ghcr.io/yegamble/vidra-search:v0.6.5;core=146:false search=18:false
instance=200 healthz=200 site=200 watch=200
