[rec03 recover 05:12:50] runbook: migrate version, undo partial effect, force N-1, rerun
 Container vidra-postgres-1 Running 
 Image ghcr.io/yegamble/vidra-core:v0.6.4 Pulling 
 Image ghcr.io/yegamble/vidra-core:v0.6.4 Pulled 
 Container vidra-postgres-1 Waiting 
 Container vidra-postgres-1 Healthy 
 Container vidra-migrate-run-d8861ba90a5c Creating 
 Container vidra-migrate-run-d8861ba90a5c Created 
version=145 dirty=true
{"time":"2026-09-13T05:12:52.458341376Z","level":"ERROR","msg":"migrate failed","error":"schema_migrations is dirty at version 145: a migration failed halfway and the schema state is unknown"}

ALTER TABLE
 Container vidra-postgres-1 Running 
 Image ghcr.io/yegamble/vidra-core:v0.6.4 Pulling 
 Image ghcr.io/yegamble/vidra-core:v0.6.4 Pulled 
 Container vidra-postgres-1 Waiting 
 Container vidra-postgres-1 Healthy 
 Container vidra-migrate-run-36c6171873bc Creating 
 Container vidra-migrate-run-36c6171873bc Created 
{"time":"2026-09-13T05:12:55.094784431Z","level":"WARN","msg":"schema_migrations forced","from_version":145,"from_dirty":true,"to_version":144}
before: version=145 dirty=true
after:  version=144 dirty=false
[rec03 recover 05:12:55] force exit=0

[deploy] ===== 0/6 pre-flight =====
[deploy] VIDRA_TLS_MODE=internal — Caddy issues from its own CA, skipping the DNS preflight
[deploy] compose 5.5.1, VIDRA_TLS_MODE=internal serving rec03.video.test, migrator tags >= v0.2.0
[deploy] syncing vidra-core to v0.6.4
[deploy] syncing vidra-search to v0.6.4
[deploy] syncing vidra-user to v0.6.4
[deploy] tags: core=v0.6.4 user=v0.6.4 search=v0.6.4

[deploy] ===== 1/6 pre-deploy database dump =====
[deploy] wrote /opt/vidra/backups/pre-deploy-2026-09-13T051256.dump.gz (60K)

[deploy] ===== 2/6 pull images =====
 Image redis:8-alpine Pulling 
 Image ghcr.io/yegamble/vidra-core:v0.6.4 Pulling 
 Image ghcr.io/yegamble/vidra-user:v0.6.4 Pulling 
 Image postgres:18-alpine Pulling 
 Image caddy:2.11.4-alpine Pulling 
 Image alpine:3.24 Pulling 
 Image ghcr.io/yegamble/vidra-search:v0.6.4 Pulling 
 Image ghcr.io/yegamble/vidra-search:v0.6.4 Pulled 
 Image alpine:3.24 Pulled 
 Image ghcr.io/yegamble/vidra-core:v0.6.4 Pulled 
 Image caddy:2.11.4-alpine Pulled 
 Image ghcr.io/yegamble/vidra-user:v0.6.4 Pulled 
 Image redis:8-alpine Pulled 
 Image postgres:18-alpine Pulled 

[deploy] ===== 3/6 migrations =====
[deploy] core schema (schema_migrations)
 Container vidra-postgres-1 Running 
 Image ghcr.io/yegamble/vidra-core:v0.6.4 Pulling 
 Image ghcr.io/yegamble/vidra-core:v0.6.4 Pulled 
 Container vidra-postgres-1 Waiting 
 Container vidra-postgres-1 Healthy 
 Container vidra-migrate-run-806df5d3551c Creating 
 Container vidra-migrate-run-806df5d3551c Created 
{"time":"2026-09-13T05:13:00.78949768Z","level":"INFO","msg":"145/u storage_migration_pause_and_identity (39.959266ms)"}
{"time":"2026-09-13T05:13:00.814554241Z","level":"INFO","msg":"146/u provider_registration_requests (65.094325ms)"}
{"time":"2026-09-13T05:13:00.816337607Z","level":"INFO","msg":"migrations applied","from_version":144,"to_version":146}
[deploy] core schema OK (version 146)
[deploy] search schema (vidra_search_migrations)
 Container vidra-postgres-1 Running 
 Image ghcr.io/yegamble/vidra-search:v0.6.4 Pulling 
 Image ghcr.io/yegamble/vidra-search:v0.6.4 Pulled 
 Container vidra-postgres-1 Waiting 
 Container vidra-postgres-1 Healthy 
 Container vidra-search-migrate-run-fa79fd9df6ba Creating 
 Container vidra-search-migrate-run-fa79fd9df6ba Created 
migrate up: version=18 dirty=false table=vidra_search_migrations

[deploy] ===== 4/6 start =====
 Image ghcr.io/yegamble/vidra-search:v0.6.4 Pulling 
 Image ghcr.io/yegamble/vidra-core:v0.6.4 Pulling 
 Image ghcr.io/yegamble/vidra-search:v0.6.4 Pulling 
 Image ghcr.io/yegamble/vidra-core:v0.6.4 Pulling 
 Image ghcr.io/yegamble/vidra-user:v0.6.4 Pulling 
 Image ghcr.io/yegamble/vidra-search:v0.6.4 Pulled 
 Image ghcr.io/yegamble/vidra-search:v0.6.4 Pulled 
 Image ghcr.io/yegamble/vidra-core:v0.6.4 Pulled 
 Image ghcr.io/yegamble/vidra-core:v0.6.4 Pulled 
 Image ghcr.io/yegamble/vidra-user:v0.6.4 Pulled 
 Container vidra-postgres-1 Running 
 Container vidra-caddy-1 Running 
 Container vidra-redis-1 Running 
 Container vidra-migrate-1 Recreate 
 Container vidra-search-migrate-1 Recreate 
 Container vidra-search-migrate-1 Recreated 
 Container vidra-search-1 Recreate 
 Container vidra-migrate-1 Recreated 
 Container vidra-api-1 Recreate 
 Container vidra-search-1 Recreated 
 Container vidra-api-1 Recreated 
 Container vidra-frontend-1 Recreate 
 Container vidra-frontend-1 Recreated 
 Container vidra-prep-volumes-1 Starting 
 Container vidra-postgres-1 Waiting 
 Container vidra-postgres-1 Waiting 
 Container vidra-prep-volumes-1 Started 
 Container vidra-postgres-1 Healthy 
 Container vidra-migrate-1 Starting 
 Container vidra-postgres-1 Healthy 
 Container vidra-search-migrate-1 Starting 
 Container vidra-migrate-1 Started 
 Container vidra-postgres-1 Waiting 
 Container vidra-prep-volumes-1 Waiting 
 Container vidra-migrate-1 Waiting 
 Container vidra-redis-1 Waiting 
 Container vidra-search-migrate-1 Started 
 Container vidra-prep-volumes-1 Waiting 
 Container vidra-postgres-1 Waiting 
 Container vidra-redis-1 Waiting 
 Container vidra-search-migrate-1 Waiting 
 Container vidra-prep-volumes-1 Exited 
 Container vidra-migrate-1 Exited 
 Container vidra-postgres-1 Healthy 
 Container vidra-redis-1 Healthy 
 Container vidra-api-1 Starting 
 Container vidra-api-1 Started 
 Container vidra-api-1 Waiting 
 Container vidra-redis-1 Healthy 
 Container vidra-search-migrate-1 Exited 
 Container vidra-postgres-1 Healthy 
 Container vidra-prep-volumes-1 Exited 
 Container vidra-search-1 Starting 
 Container vidra-search-1 Started 
 Container vidra-api-1 Healthy 
 Container vidra-frontend-1 Starting 
 Container vidra-frontend-1 Started 

[deploy] ===== 5/6 reload Caddy =====
[deploy] caddy reloaded (attempt 1)

[deploy] ===== 6/6 health probes =====
[deploy] waiting up to 120s for api /readyz at http://127.0.0.1:8080/readyz
[deploy] api /readyz OK
[deploy] waiting up to 120s for frontend at http://127.0.0.1:3000/
[deploy] frontend OK
[deploy] waiting up to 180s for the edge at https://rec03.video.test/healthz (pinned to 127.0.0.1:443)
[deploy] edge OK (https://rec03.video.test)
[deploy] deploy complete
[rec03 recover 05:13:16] deploy.sh exit=0
vidra-api-1 ghcr.io/yegamble/vidra-core:v0.6.4;vidra-frontend-1 ghcr.io/yegamble/vidra-user:v0.6.4;vidra-search-1 ghcr.io/yegamble/vidra-search:v0.6.4;core=146:false search=18:false
instance=200 healthz=200 site=200 watch=200
orig=8ff2dfde3770360f master=0b8854fa8721cd9e renditions=720,480,360 variant=cmaf/media_0.m3u8?v=dldxhnoi48h4 seg=chunk-0-00001.m4s?v=dldxhnoi48h4 segsha=bddbd11c7fc3638a state=published
users=1 channels=1 videos=1 titles=REC-03 fixture v0.6.3
